2026/08/04 13:31:16 Connected to PostgreSQL
2026/08/04 13:31:16 [AutoMigrate] Verified default super admin account 'Sadmin' (biswabhusans@globx.co.in) with password 'Admin@123'
2026/08/04 13:31:16 Database migrations executed successfully
2026/08/04 13:31:16 Connected to Redis
[GIN-debug] [WARNING] Creating an Engine instance with the Logger and Recovery middleware already attached.

[GIN-debug] [WARNING] Running in "debug" mode. Switch to "release" mode in production.
 - using env:	export GIN_MODE=release
 - using code:	gin.SetMode(gin.ReleaseMode)

[GIN-debug] GET    /health                   --> main.main.func1 (3 handlers)
[GIN-debug] POST   /api/v1/auth/login        --> github.com/onetrack/backend/internal/auth/handler.(*AuthHandler).Login-fm (3 handlers)
[GIN-debug] POST   /api/v1/auth/refresh      --> github.com/onetrack/backend/internal/auth/handler.(*AuthHandler).Refresh-fm (3 handlers)
[GIN-debug] POST   /api/v1/auth/forgot-password --> github.com/onetrack/backend/internal/auth/handler.(*AuthHandler).ForgotPassword-fm (3 handlers)
[GIN-debug] POST   /api/v1/auth/verify-otp   --> github.com/onetrack/backend/internal/auth/handler.(*AuthHandler).VerifyOTP-fm (3 handlers)
[GIN-debug] POST   /api/v1/auth/reset-password-otp --> github.com/onetrack/backend/internal/auth/handler.(*AuthHandler).ResetPasswordOTP-fm (3 handlers)
[GIN-debug] POST   /api/v1/auth/logout       --> github.com/onetrack/backend/internal/auth/handler.(*AuthHandler).Logout-fm (4 handlers)
[GIN-debug] PATCH  /api/v1/auth/change-password --> github.com/onetrack/backend/internal/auth/handler.(*AuthHandler).ChangePassword-fm (4 handlers)
[GIN-debug] PATCH  /api/v1/auth/force-reset  --> github.com/onetrack/backend/internal/auth/handler.(*AuthHandler).ForceReset-fm (5 handlers)
[GIN-debug] GET    /api/v1/users/me          --> github.com/onetrack/backend/internal/user/handler.(*UserHandler).GetMyProfile-fm (4 handlers)
[GIN-debug] POST   /api/v1/users             --> github.com/onetrack/backend/internal/user/handler.(*UserHandler).CreateUser-fm (5 handlers)
[GIN-debug] GET    /api/v1/users             --> github.com/onetrack/backend/internal/user/handler.(*UserHandler).ListUsers-fm (5 handlers)
[GIN-debug] GET    /api/v1/users/:id         --> github.com/onetrack/backend/internal/user/handler.(*UserHandler).GetUser-fm (5 handlers)
[GIN-debug] PATCH  /api/v1/users/:id         --> github.com/onetrack/backend/internal/user/handler.(*UserHandler).UpdateUser-fm (5 handlers)
[GIN-debug] PATCH  /api/v1/users/:id/status  --> github.com/onetrack/backend/internal/user/handler.(*UserHandler).UpdateStatus-fm (5 handlers)
[GIN-debug] PATCH  /api/v1/users/:id/roles   --> github.com/onetrack/backend/internal/user/handler.(*UserHandler).UpdateRoles-fm (5 handlers)
[GIN-debug] PATCH  /api/v1/users/:id/permissions --> github.com/onetrack/backend/internal/user/handler.(*UserHandler).UpdatePermissions-fm (5 handlers)
[GIN-debug] DELETE /api/v1/users/:id         --> github.com/onetrack/backend/internal/user/handler.(*UserHandler).DeleteUser-fm (5 handlers)
[GIN-debug] GET    /api/v1/alerts            --> github.com/onetrack/backend/internal/alert/handler.(*AlertHandler).GetUserAlerts-fm (4 handlers)
[GIN-debug] POST   /api/v1/alerts            --> github.com/onetrack/backend/internal/alert/handler.(*AlertHandler).CreateAlert-fm (4 handlers)
[GIN-debug] PUT    /api/v1/alerts/:id/read   --> github.com/onetrack/backend/internal/alert/handler.(*AlertHandler).MarkAsRead-fm (4 handlers)
[GIN-debug] PUT    /api/v1/alerts/read-all   --> github.com/onetrack/backend/internal/alert/handler.(*AlertHandler).MarkAllAsRead-fm (4 handlers)
[GIN-debug] POST   /api/v1/bids              --> github.com/onetrack/backend/internal/bid/handler.(*BidHandler).CreateBid-fm (5 handlers)
[GIN-debug] GET    /api/v1/bids              --> github.com/onetrack/backend/internal/bid/handler.(*BidHandler).ListBids-fm (5 handlers)
[GIN-debug] GET    /api/v1/bids/:id          --> github.com/onetrack/backend/internal/bid/handler.(*BidHandler).GetBid-fm (5 handlers)
[GIN-debug] PATCH  /api/v1/bids/:id          --> github.com/onetrack/backend/internal/bid/handler.(*BidHandler).UpdateBid-fm (5 handlers)
[GIN-debug] DELETE /api/v1/bids/:id          --> github.com/onetrack/backend/internal/bid/handler.(*BidHandler).ArchiveBid-fm (5 handlers)
[GIN-debug] POST   /api/v1/bids/:id/transition --> github.com/onetrack/backend/internal/bid/handler.(*BidHandler).TransitionStage-fm (5 handlers)
[GIN-debug] GET    /api/v1/bids/:id/stage-history --> github.com/onetrack/backend/internal/bid/handler.(*BidHandler).GetStageHistory-fm (5 handlers)
[GIN-debug] POST   /api/v1/bids/:id/members  --> github.com/onetrack/backend/internal/bid/handler.(*BidHandler).AddMember-fm (5 handlers)
[GIN-debug] DELETE /api/v1/bids/:id/members/:user_id --> github.com/onetrack/backend/internal/bid/handler.(*BidHandler).RemoveMember-fm (5 handlers)
[GIN-debug] PATCH  /api/v1/bids/:id/outcome  --> github.com/onetrack/backend/internal/bid/handler.(*BidHandler).RecordOutcome-fm (5 handlers)
[GIN-debug] GET    /api/v1/bids/:id/checklists --> github.com/onetrack/backend/internal/bid/handler.(*BidHandler).GetChecklists-fm (5 handlers)
[GIN-debug] POST   /api/v1/bids/:id/checklists --> github.com/onetrack/backend/internal/bid/handler.(*BidHandler).AddChecklist-fm (5 handlers)
[GIN-debug] PUT    /api/v1/bids/:id/checklists/reorder --> github.com/onetrack/backend/internal/bid/handler.(*BidHandler).ReorderChecklists-fm (5 handlers)
[GIN-debug] PATCH  /api/v1/bids/:id/checklists/:cid --> github.com/onetrack/backend/internal/bid/handler.(*BidHandler).ToggleChecklist-fm (5 handlers)
[GIN-debug] PUT    /api/v1/bids/:id/checklists/:cid --> github.com/onetrack/backend/internal/bid/handler.(*BidHandler).UpdateChecklist-fm (5 handlers)
[GIN-debug] DELETE /api/v1/bids/:id/checklists/:cid --> github.com/onetrack/backend/internal/bid/handler.(*BidHandler).DeleteChecklist-fm (5 handlers)
[GIN-debug] GET    /api/v1/me/tasks          --> github.com/onetrack/backend/internal/task/handler.(*TaskHandler).MyTasks-fm (5 handlers)
[GIN-debug] POST   /api/v1/bids/:id/tasks    --> github.com/onetrack/backend/internal/task/handler.(*TaskHandler).CreateTask-fm (5 handlers)
[GIN-debug] GET    /api/v1/bids/:id/tasks    --> github.com/onetrack/backend/internal/task/handler.(*TaskHandler).ListTasksForBid-fm (5 handlers)
[GIN-debug] POST   /api/v1/bids/:id/tasks/approval --> github.com/onetrack/backend/internal/task/handler.(*TaskHandler).CreateApprovalTask-fm (5 handlers)
[GIN-debug] POST   /api/v1/bids/:id/tasks/oem --> github.com/onetrack/backend/internal/task/handler.(*TaskHandler).CreateOEMTask-fm (5 handlers)
[GIN-debug] POST   /api/v1/bids/:id/tasks/document --> github.com/onetrack/backend/internal/task/handler.(*TaskHandler).CreateDocumentTask-fm (5 handlers)
[GIN-debug] GET    /api/v1/tasks/:id         --> github.com/onetrack/backend/internal/task/handler.(*TaskHandler).GetTask-fm (5 handlers)
[GIN-debug] PATCH  /api/v1/tasks/:id         --> github.com/onetrack/backend/internal/task/handler.(*TaskHandler).UpdateTask-fm (5 handlers)
[GIN-debug] DELETE /api/v1/tasks/:id         --> github.com/onetrack/backend/internal/task/handler.(*TaskHandler).DeleteTask-fm (5 handlers)
[GIN-debug] PATCH  /api/v1/tasks/:id/status  --> github.com/onetrack/backend/internal/task/handler.(*TaskHandler).UpdateStatus-fm (5 handlers)
[GIN-debug] PATCH  /api/v1/tasks/:id/assign  --> github.com/onetrack/backend/internal/task/handler.(*TaskHandler).AssignTask-fm (5 handlers)
[GIN-debug] POST   /api/v1/tasks/:id/approve --> github.com/onetrack/backend/internal/task/handler.(*TaskHandler).SubmitApprovalDecision-fm (5 handlers)
[GIN-debug] POST   /api/v1/tasks/:id/oem-followup --> github.com/onetrack/backend/internal/task/handler.(*TaskHandler).AddOEMFollowUp-fm (5 handlers)
[GIN-debug] POST   /api/v1/tasks/:id/subtasks --> github.com/onetrack/backend/internal/task/handler.(*TaskHandler).CreateSubtask-fm (5 handlers)
[GIN-debug] GET    /api/v1/tasks/:id/subtasks --> github.com/onetrack/backend/internal/task/handler.(*TaskHandler).GetSubtasks-fm (5 handlers)
[GIN-debug] POST   /api/v1/tasks/:id/activities --> github.com/onetrack/backend/internal/task/handler.(*TaskHandler).AddActivity-fm (5 handlers)
[GIN-debug] GET    /api/v1/tasks/:id/activities --> github.com/onetrack/backend/internal/task/handler.(*TaskHandler).ListActivities-fm (5 handlers)
[GIN-debug] POST   /api/v1/tasks/:id/checklists --> github.com/onetrack/backend/internal/task/handler.(*TaskHandler).AddChecklist-fm (5 handlers)
[GIN-debug] GET    /api/v1/tasks/:id/checklists --> github.com/onetrack/backend/internal/task/handler.(*TaskHandler).GetChecklists-fm (5 handlers)
[GIN-debug] PATCH  /api/v1/tasks/:id/checklists/:cid --> github.com/onetrack/backend/internal/task/handler.(*TaskHandler).UpdateChecklist-fm (5 handlers)
[GIN-debug] DELETE /api/v1/tasks/:id/checklists/:cid --> github.com/onetrack/backend/internal/task/handler.(*TaskHandler).DeleteChecklist-fm (5 handlers)
2026/08/04 13:31:16 Server starting on port 8081
[GIN] 2026/08/04 - 13:31:57 | 404 |   9.62ms |             ::1 | DELETE   "/api/v1/bids/922ce665-cc98-467b-928b-eb31c8044178"
[GIN] 2026/08/04 - 13:32:02 | 200 |  16.21ms |             ::1 | GET      "/api/v1/users/me"
[GIN] 2026/08/04 - 13:32:02 | 200 |   1.22ms |             ::1 | GET      "/api/v1/users/me"
[GIN] 2026/08/04 - 13:32:02 | 404 |   1.17ms |             ::1 | GET      "/api/v1/bids/922ce665-cc98-467b-928b-eb31c8044178"
[GIN] 2026/08/04 - 13:32:02 | 404 |   1.09ms |             ::1 | GET      "/api/v1/bids/922ce665-cc98-467b-928b-eb31c8044178"
[GIN] 2026/08/04 - 13:32:04 | 500 |   1.92ms |             ::1 | GET      "/api/v1/bids?page=1&limit=1"
[GIN] 2026/08/04 - 13:32:04 | 500 |   1.11ms |             ::1 | GET      "/api/v1/bids?page=1&limit=1"
[GIN] 2026/08/04 - 13:32:05 | 500 |   1.04ms |             ::1 | GET      "/api/v1/bids?page=1&limit=20"
[GIN] 2026/08/04 - 13:32:05 | 500 |   1.32ms |             ::1 | GET      "/api/v1/bids?page=1&limit=20"
[GIN] 2026/08/04 - 13:32:05 | 500 |   1.04ms |             ::1 | GET      "/api/v1/bids?page=1&limit=20"
[GIN] 2026/08/04 - 13:32:05 | 500 |    1.6ms |             ::1 | GET      "/api/v1/bids?page=1&limit=20"
[GIN] 2026/08/04 - 13:32:05 | 200 |  17.65ms |             ::1 | GET      "/api/v1/users?page=1&limit=100"
[GIN] 2026/08/04 - 13:32:15 | 200 |   2.54ms |             ::1 | GET      "/api/v1/users/me"
[GIN] 2026/08/04 - 13:32:15 | 200 |   1.85ms |             ::1 | GET      "/api/v1/users/me"
[GIN] 2026/08/04 - 13:32:15 | 500 |   6.81ms |             ::1 | GET      "/api/v1/bids?page=1&limit=20"
[GIN] 2026/08/04 - 13:32:15 | 500 |   1.57ms |             ::1 | GET      "/api/v1/bids?page=1&limit=20"
[GIN] 2026/08/04 - 13:32:15 | 200 |  10.83ms |             ::1 | GET      "/api/v1/users?page=1&limit=100"
[GIN] 2026/08/04 - 13:32:15 | 500 |   1.31ms |             ::1 | GET      "/api/v1/bids?page=1&limit=20"
[GIN] 2026/08/04 - 13:32:15 | 500 |   1.02ms |             ::1 | GET      "/api/v1/bids?page=1&limit=20"
[GIN] 2026/08/04 - 13:32:16 | 200 |  17.06ms |             ::1 | GET      "/api/v1/users/me"
[GIN] 2026/08/04 - 13:32:16 | 200 |   1.19ms |             ::1 | GET      "/api/v1/users/me"
[GIN] 2026/08/04 - 13:32:16 | 500 |   7.14ms |             ::1 | GET      "/api/v1/bids?page=1&limit=20"
[GIN] 2026/08/04 - 13:32:16 | 500 |    1.6ms |             ::1 | GET      "/api/v1/bids?page=1&limit=20"
[GIN] 2026/08/04 - 13:32:16 | 500 |   1.21ms |             ::1 | GET      "/api/v1/bids?page=1&limit=20"
[GIN] 2026/08/04 - 13:32:16 | 500 |   1.06ms |             ::1 | GET      "/api/v1/bids?page=1&limit=20"
[GIN] 2026/08/04 - 13:32:16 | 200 |  21.65ms |             ::1 | GET      "/api/v1/users?page=1&limit=100"
[GIN] 2026/08/04 - 13:32:16 | 200 |   2.15ms |             ::1 | GET      "/api/v1/users/me"
[GIN] 2026/08/04 - 13:32:16 | 200 |   1.05ms |             ::1 | GET      "/api/v1/users/me"
[GIN] 2026/08/04 - 13:32:16 | 200 |   4.02ms |             ::1 | GET      "/api/v1/users?page=1&limit=100"
[GIN] 2026/08/04 - 13:32:16 | 500 |   6.72ms |             ::1 | GET      "/api/v1/bids?page=1&limit=20"
[GIN] 2026/08/04 - 13:32:16 | 500 |   1.31ms |             ::1 | GET      "/api/v1/bids?page=1&limit=20"
[GIN] 2026/08/04 - 13:32:16 | 500 |   1.02ms |             ::1 | GET      "/api/v1/bids?page=1&limit=20"
[GIN] 2026/08/04 - 13:32:16 | 500 |   1.63ms |             ::1 | GET      "/api/v1/bids?page=1&limit=20"
[GIN] 2026/08/04 - 13:32:17 | 200 |   1.04ms |             ::1 | GET      "/api/v1/users/me"
[GIN] 2026/08/04 - 13:32:17 | 200 |   1.28ms |             ::1 | GET      "/api/v1/users/me"
[GIN] 2026/08/04 - 13:32:17 | 500 |   1.33ms |             ::1 | GET      "/api/v1/bids?page=1&limit=20"
[GIN] 2026/08/04 - 13:32:17 | 200 |   2.48ms |             ::1 | GET      "/api/v1/users?page=1&limit=100"
[GIN] 2026/08/04 - 13:32:17 | 500 |   1.03ms |             ::1 | GET      "/api/v1/bids?page=1&limit=20"
[GIN] 2026/08/04 - 13:32:17 | 500 |   1.69ms |             ::1 | GET      "/api/v1/bids?page=1&limit=20"
[GIN] 2026/08/04 - 13:32:17 | 500 |   1.01ms |             ::1 | GET      "/api/v1/bids?page=1&limit=20"
[GIN] 2026/08/04 - 13:32:27 | 200 |   5.44ms |             ::1 | GET      "/api/v1/alerts"
[GIN] 2026/08/04 - 13:32:27 | 200 |  609.7µs |             ::1 | GET      "/api/v1/alerts"
[GIN] 2026/08/04 - 13:32:28 | 500 |   1.35ms |             ::1 | GET      "/api/v1/bids?page=1&limit=20"
[GIN] 2026/08/04 - 13:32:28 | 500 |   1.03ms |             ::1 | GET      "/api/v1/bids?page=1&limit=20"
[GIN] 2026/08/04 - 13:32:28 | 500 |   2.57ms |             ::1 | GET      "/api/v1/bids?page=1&limit=20"
[GIN] 2026/08/04 - 13:32:28 | 500 |   1.02ms |             ::1 | GET      "/api/v1/bids?page=1&limit=20"
[GIN] 2026/08/04 - 13:32:28 | 500 |   2.04ms |             ::1 | GET      "/api/v1/bids?page=1&limit=1"
[GIN] 2026/08/04 - 13:32:28 | 500 |   1.15ms |             ::1 | GET      "/api/v1/bids?page=1&limit=1"
[GIN] 2026/08/04 - 13:32:29 | 200 |   2.05ms |             ::1 | GET      "/api/v1/users?page=1&limit=20"
[GIN] 2026/08/04 - 13:32:29 | 200 |   2.12ms |             ::1 | GET      "/api/v1/users?page=1&limit=20"
[GIN] 2026/08/04 - 13:32:40 | 500 |   1.55ms |             ::1 | GET      "/api/v1/bids?page=1&limit=20"
[GIN] 2026/08/04 - 13:32:40 | 500 |   1.04ms |             ::1 | GET      "/api/v1/bids?page=1&limit=20"
[GIN] 2026/08/04 - 13:32:40 | 500 |   1.61ms |             ::1 | GET      "/api/v1/bids?page=1&limit=20"
[GIN] 2026/08/04 - 13:32:40 | 500 |   1.02ms |             ::1 | GET      "/api/v1/bids?page=1&limit=20"
[GIN] 2026/08/04 - 13:32:48 | 200 |   2.28ms |             ::1 | GET      "/api/v1/users/me"
[GIN] 2026/08/04 - 13:32:48 | 200 |  515.8µs |             ::1 | GET      "/api/v1/users/me"
[GIN] 2026/08/04 - 13:32:48 | 500 |   1.04ms |             ::1 | GET      "/api/v1/bids?page=1&limit=20"
[GIN] 2026/08/04 - 13:32:48 | 200 |   2.17ms |             ::1 | GET      "/api/v1/users?page=1&limit=100"
[GIN] 2026/08/04 - 13:32:48 | 500 |   1.55ms |             ::1 | GET      "/api/v1/bids?page=1&limit=20"
[GIN] 2026/08/04 - 13:32:48 | 500 |   1.25ms |             ::1 | GET      "/api/v1/bids?page=1&limit=20"
[GIN] 2026/08/04 - 13:32:48 | 500 |   1.09ms |             ::1 | GET      "/api/v1/bids?page=1&limit=20"
exit status 0xffffffff
